Archive member included to satisfy reference by file (symbol)

c:/program files (x86)/atmel/studio/7.0/toolchain/avr8/avr8-gnu-toolchain/bin/../lib/gcc/avr/5.4.0/avr5\libgcc.a(_udivmodsi4.o)
                              Parte_3.o (__udivmodsi4)
c:/program files (x86)/atmel/studio/7.0/toolchain/avr8/avr8-gnu-toolchain/bin/../lib/gcc/avr/5.4.0/avr5\libgcc.a(_exit.o)
                              C:/Program Files (x86)/Atmel/Studio/7.0/Packs/atmel/ATmega_DFP/1.7.374/gcc/dev/atmega640/avr5/crtatmega640.o (exit)
c:/program files (x86)/atmel/studio/7.0/toolchain/avr8/avr8-gnu-toolchain/bin/../lib/gcc/avr/5.4.0/avr5\libgcc.a(_copy_data.o)
                              General.o (__do_copy_data)
c:/program files (x86)/atmel/studio/7.0/toolchain/avr8/avr8-gnu-toolchain/bin/../lib/gcc/avr/5.4.0/avr5\libgcc.a(_clear_bss.o)
                              General.o (__do_clear_bss)

Allocating common symbols
Common symbol       size              file

startLavadoV        0x2               main.o
functionPointerSec  0x2               General.o
stopBarrera         0x2               main.o
cPulsos             0x1               main.o
Flag_Contador       0x1               main.o
functionPointerStop
                    0x2               Parte_3.o
functionPointerMsec
                    0x2               General.o
delayBarrera        0x4               main.o
finLavadoV          0x4               main.o
functionPointerMsec_2
                    0x2               General.o
final_lavadoV       0x4               main.o
Flag_Barrera        0x1               main.o
finBarrera          0x4               main.o

Discarded input sections

 .data          0x00000000        0x0 C:/Program Files (x86)/Atmel/Studio/7.0/Packs/atmel/ATmega_DFP/1.7.374/gcc/dev/atmega640/avr5/crtatmega640.o
 .bss           0x00000000        0x0 C:/Program Files (x86)/Atmel/Studio/7.0/Packs/atmel/ATmega_DFP/1.7.374/gcc/dev/atmega640/avr5/crtatmega640.o
 .text          0x00000000        0x0 General.o
 .data          0x00000000        0x0 General.o
 .bss           0x00000000        0x0 General.o
 .text.waitsec  0x00000000       0x6c General.o
 .text.waitms   0x00000000       0x6c General.o
 .text.getsec   0x00000000       0x12 General.o
 .text.setCallbackSec
                0x00000000        0xe General.o
 .text.setCallbackMsec_2
                0x00000000        0xe General.o
 .text          0x00000000        0x0 main.o
 .data          0x00000000        0x0 main.o
 .bss           0x00000000        0x0 main.o
 .text          0x00000000        0x0 Parte_1.o
 .data          0x00000000        0x0 Parte_1.o
 .bss           0x00000000        0x0 Parte_1.o
 .text.reset_rodillos
                0x00000000       0x16 Parte_1.o
 .text          0x00000000        0x0 Parte_2.o
 .data          0x00000000        0x0 Parte_2.o
 .bss           0x00000000        0x0 Parte_2.o
 .text.getPulsos
                0x00000000        0x6 Parte_2.o
 .text          0x00000000        0x0 Parte_3.o
 .data          0x00000000        0x0 Parte_3.o
 .bss           0x00000000        0x0 Parte_3.o
 .text          0x00000000        0x0 c:/program files (x86)/atmel/studio/7.0/toolchain/avr8/avr8-gnu-toolchain/bin/../lib/gcc/avr/5.4.0/avr5\libgcc.a(_udivmodsi4.o)
 .data          0x00000000        0x0 c:/program files (x86)/atmel/studio/7.0/toolchain/avr8/avr8-gnu-toolchain/bin/../lib/gcc/avr/5.4.0/avr5\libgcc.a(_udivmodsi4.o)
 .bss           0x00000000        0x0 c:/program files (x86)/atmel/studio/7.0/toolchain/avr8/avr8-gnu-toolchain/bin/../lib/gcc/avr/5.4.0/avr5\libgcc.a(_udivmodsi4.o)
 .text.libgcc.mul
                0x00000000        0x0 c:/program files (x86)/atmel/studio/7.0/toolchain/avr8/avr8-gnu-toolchain/bin/../lib/gcc/avr/5.4.0/avr5\libgcc.a(_udivmodsi4.o)
 .text.libgcc   0x00000000        0x0 c:/program files (x86)/atmel/studio/7.0/toolchain/avr8/avr8-gnu-toolchain/bin/../lib/gcc/avr/5.4.0/avr5\libgcc.a(_udivmodsi4.o)
 .text.libgcc.prologue
                0x00000000        0x0 c:/program files (x86)/atmel/studio/7.0/toolchain/avr8/avr8-gnu-toolchain/bin/../lib/gcc/avr/5.4.0/avr5\libgcc.a(_udivmodsi4.o)
 .text.libgcc.builtins
                0x00000000        0x0 c:/program files (x86)/atmel/studio/7.0/toolchain/avr8/avr8-gnu-toolchain/bin/../lib/gcc/avr/5.4.0/avr5\libgcc.a(_udivmodsi4.o)
 .text.libgcc.fmul
                0x00000000        0x0 c:/program files (x86)/atmel/studio/7.0/toolchain/avr8/avr8-gnu-toolchain/bin/../lib/gcc/avr/5.4.0/avr5\libgcc.a(_udivmodsi4.o)
 .text.libgcc.fixed
                0x00000000        0x0 c:/program files (x86)/atmel/studio/7.0/toolchain/avr8/avr8-gnu-toolchain/bin/../lib/gcc/avr/5.4.0/avr5\libgcc.a(_udivmodsi4.o)
 .text          0x00000000        0x0 c:/program files (x86)/atmel/studio/7.0/toolchain/avr8/avr8-gnu-toolchain/bin/../lib/gcc/avr/5.4.0/avr5\libgcc.a(_exit.o)
 .data          0x00000000        0x0 c:/program files (x86)/atmel/studio/7.0/toolchain/avr8/avr8-gnu-toolchain/bin/../lib/gcc/avr/5.4.0/avr5\libgcc.a(_exit.o)
 .bss           0x00000000        0x0 c:/program files (x86)/atmel/studio/7.0/toolchain/avr8/avr8-gnu-toolchain/bin/../lib/gcc/avr/5.4.0/avr5\libgcc.a(_exit.o)
 .text.libgcc.mul
                0x00000000        0x0 c:/program files (x86)/atmel/studio/7.0/toolchain/avr8/avr8-gnu-toolchain/bin/../lib/gcc/avr/5.4.0/avr5\libgcc.a(_exit.o)
 .text.libgcc.div
                0x00000000        0x0 c:/program files (x86)/atmel/studio/7.0/toolchain/avr8/avr8-gnu-toolchain/bin/../lib/gcc/avr/5.4.0/avr5\libgcc.a(_exit.o)
 .text.libgcc   0x00000000        0x0 c:/program files (x86)/atmel/studio/7.0/toolchain/avr8/avr8-gnu-toolchain/bin/../lib/gcc/avr/5.4.0/avr5\libgcc.a(_exit.o)
 .text.libgcc.prologue
                0x00000000        0x0 c:/program files (x86)/atmel/studio/7.0/toolchain/avr8/avr8-gnu-toolchain/bin/../lib/gcc/avr/5.4.0/avr5\libgcc.a(_exit.o)
 .text.libgcc.builtins
                0x00000000        0x0 c:/program files (x86)/atmel/studio/7.0/toolchain/avr8/avr8-gnu-toolchain/bin/../lib/gcc/avr/5.4.0/avr5\libgcc.a(_exit.o)
 .text.libgcc.fmul
                0x00000000        0x0 c:/program files (x86)/atmel/studio/7.0/toolchain/avr8/avr8-gnu-toolchain/bin/../lib/gcc/avr/5.4.0/avr5\libgcc.a(_exit.o)
 .text.libgcc.fixed
                0x00000000        0x0 c:/program files (x86)/atmel/studio/7.0/toolchain/avr8/avr8-gnu-toolchain/bin/../lib/gcc/avr/5.4.0/avr5\libgcc.a(_exit.o)
 .text          0x00000000        0x0 c:/program files (x86)/atmel/studio/7.0/toolchain/avr8/avr8-gnu-toolchain/bin/../lib/gcc/avr/5.4.0/avr5\libgcc.a(_copy_data.o)
 .data          0x00000000        0x0 c:/program files (x86)/atmel/studio/7.0/toolchain/avr8/avr8-gnu-toolchain/bin/../lib/gcc/avr/5.4.0/avr5\libgcc.a(_copy_data.o)
 .bss           0x00000000        0x0 c:/program files (x86)/atmel/studio/7.0/toolchain/avr8/avr8-gnu-toolchain/bin/../lib/gcc/avr/5.4.0/avr5\libgcc.a(_copy_data.o)
 .text.libgcc.mul
                0x00000000        0x0 c:/program files (x86)/atmel/studio/7.0/toolchain/avr8/avr8-gnu-toolchain/bin/../lib/gcc/avr/5.4.0/avr5\libgcc.a(_copy_data.o)
 .text.libgcc.div
                0x00000000        0x0 c:/program files (x86)/atmel/studio/7.0/toolchain/avr8/avr8-gnu-toolchain/bin/../lib/gcc/avr/5.4.0/avr5\libgcc.a(_copy_data.o)
 .text.libgcc   0x00000000        0x0 c:/program files (x86)/atmel/studio/7.0/toolchain/avr8/avr8-gnu-toolchain/bin/../lib/gcc/avr/5.4.0/avr5\libgcc.a(_copy_data.o)
 .text.libgcc.prologue
                0x00000000        0x0 c:/program files (x86)/atmel/studio/7.0/toolchain/avr8/avr8-gnu-toolchain/bin/../lib/gcc/avr/5.4.0/avr5\libgcc.a(_copy_data.o)
 .text.libgcc.builtins
                0x00000000        0x0 c:/program files (x86)/atmel/studio/7.0/toolchain/avr8/avr8-gnu-toolchain/bin/../lib/gcc/avr/5.4.0/avr5\libgcc.a(_copy_data.o)
 .text.libgcc.fmul
                0x00000000        0x0 c:/program files (x86)/atmel/studio/7.0/toolchain/avr8/avr8-gnu-toolchain/bin/../lib/gcc/avr/5.4.0/avr5\libgcc.a(_copy_data.o)
 .text.libgcc.fixed
                0x00000000        0x0 c:/program files (x86)/atmel/studio/7.0/toolchain/avr8/avr8-gnu-toolchain/bin/../lib/gcc/avr/5.4.0/avr5\libgcc.a(_copy_data.o)
 .text          0x00000000        0x0 c:/program files (x86)/atmel/studio/7.0/toolchain/avr8/avr8-gnu-toolchain/bin/../lib/gcc/avr/5.4.0/avr5\libgcc.a(_clear_bss.o)
 .data          0x00000000        0x0 c:/program files (x86)/atmel/studio/7.0/toolchain/avr8/avr8-gnu-toolchain/bin/../lib/gcc/avr/5.4.0/avr5\libgcc.a(_clear_bss.o)
 .bss           0x00000000        0x0 c:/program files (x86)/atmel/studio/7.0/toolchain/avr8/avr8-gnu-toolchain/bin/../lib/gcc/avr/5.4.0/avr5\libgcc.a(_clear_bss.o)
 .text.libgcc.mul
                0x00000000        0x0 c:/program files (x86)/atmel/studio/7.0/toolchain/avr8/avr8-gnu-toolchain/bin/../lib/gcc/avr/5.4.0/avr5\libgcc.a(_clear_bss.o)
 .text.libgcc.div
                0x00000000        0x0 c:/program files (x86)/atmel/studio/7.0/toolchain/avr8/avr8-gnu-toolchain/bin/../lib/gcc/avr/5.4.0/avr5\libgcc.a(_clear_bss.o)
 .text.libgcc   0x00000000        0x0 c:/program files (x86)/atmel/studio/7.0/toolchain/avr8/avr8-gnu-toolchain/bin/../lib/gcc/avr/5.4.0/avr5\libgcc.a(_clear_bss.o)
 .text.libgcc.prologue
                0x00000000        0x0 c:/program files (x86)/atmel/studio/7.0/toolchain/avr8/avr8-gnu-toolchain/bin/../lib/gcc/avr/5.4.0/avr5\libgcc.a(_clear_bss.o)
 .text.libgcc.builtins
                0x00000000        0x0 c:/program files (x86)/atmel/studio/7.0/toolchain/avr8/avr8-gnu-toolchain/bin/../lib/gcc/avr/5.4.0/avr5\libgcc.a(_clear_bss.o)
 .text.libgcc.fmul
                0x00000000        0x0 c:/program files (x86)/atmel/studio/7.0/toolchain/avr8/avr8-gnu-toolchain/bin/../lib/gcc/avr/5.4.0/avr5\libgcc.a(_clear_bss.o)
 .text.libgcc.fixed
                0x00000000        0x0 c:/program files (x86)/atmel/studio/7.0/toolchain/avr8/avr8-gnu-toolchain/bin/../lib/gcc/avr/5.4.0/avr5\libgcc.a(_clear_bss.o)

Memory Configuration

Name             Origin             Length             Attributes
text             0x00000000         0x00010000         xr
data             0x00800200         0x00002000         rw !x
eeprom           0x00810000         0x00001000         rw !x
fuse             0x00820000         0x00000003         rw !x
lock             0x00830000         0x00000400         rw !x
signature        0x00840000         0x00000400         rw !x
user_signatures  0x00850000         0x00000400         rw !x
*default*        0x00000000         0xffffffff

Linker script and memory map

Address of section .data set to 0x800200
LOAD C:/Program Files (x86)/Atmel/Studio/7.0/Packs/atmel/ATmega_DFP/1.7.374/gcc/dev/atmega640/avr5/crtatmega640.o
LOAD General.o
LOAD main.o
LOAD Parte_1.o
LOAD Parte_2.o
LOAD Parte_3.o
START GROUP
LOAD c:/program files (x86)/atmel/studio/7.0/toolchain/avr8/avr8-gnu-toolchain/bin/../lib/gcc/avr/5.4.0/../../../../avr/lib/avr5\libm.a
END GROUP
START GROUP
LOAD c:/program files (x86)/atmel/studio/7.0/toolchain/avr8/avr8-gnu-toolchain/bin/../lib/gcc/avr/5.4.0/avr5\libgcc.a
LOAD c:/program files (x86)/atmel/studio/7.0/toolchain/avr8/avr8-gnu-toolchain/bin/../lib/gcc/avr/5.4.0/../../../../avr/lib/avr5\libm.a
LOAD c:/program files (x86)/atmel/studio/7.0/toolchain/avr8/avr8-gnu-toolchain/bin/../lib/gcc/avr/5.4.0/../../../../avr/lib/avr5\libc.a
LOAD C:/Program Files (x86)/Atmel/Studio/7.0/Packs/atmel/ATmega_DFP/1.7.374/gcc/dev/atmega640/avr5\libatmega640.a
END GROUP
                0x00000000                __TEXT_REGION_ORIGIN__ = DEFINED (__TEXT_REGION_ORIGIN__)?__TEXT_REGION_ORIGIN__:0x0
                [0x00800200]                __DATA_REGION_ORIGIN__ = DEFINED (__DATA_REGION_ORIGIN__)?__DATA_REGION_ORIGIN__:0x800060
                [0x00010000]                __TEXT_REGION_LENGTH__ = DEFINED (__TEXT_REGION_LENGTH__)?__TEXT_REGION_LENGTH__:0x20000
                [0x00002000]                __DATA_REGION_LENGTH__ = DEFINED (__DATA_REGION_LENGTH__)?__DATA_REGION_LENGTH__:0xffa0
                [0x00001000]                __EEPROM_REGION_LENGTH__ = DEFINED (__EEPROM_REGION_LENGTH__)?__EEPROM_REGION_LENGTH__:0x10000
                [0x00000003]                __FUSE_REGION_LENGTH__ = DEFINED (__FUSE_REGION_LENGTH__)?__FUSE_REGION_LENGTH__:0x400
                0x00000400                __LOCK_REGION_LENGTH__ = DEFINED (__LOCK_REGION_LENGTH__)?__LOCK_REGION_LENGTH__:0x400
                0x00000400                __SIGNATURE_REGION_LENGTH__ = DEFINED (__SIGNATURE_REGION_LENGTH__)?__SIGNATURE_REGION_LENGTH__:0x400
                0x00000400                __USER_SIGNATURE_REGION_LENGTH__ = DEFINED (__USER_SIGNATURE_REGION_LENGTH__)?__USER_SIGNATURE_REGION_LENGTH__:0x400

.hash
 *(.hash)

.dynsym
 *(.dynsym)

.dynstr
 *(.dynstr)

.gnu.version
 *(.gnu.version)

.gnu.version_d
 *(.gnu.version_d)

.gnu.version_r
 *(.gnu.version_r)

.rel.init
 *(.rel.init)

.rela.init
 *(.rela.init)

.rel.text
 *(.rel.text)
 *(.rel.text.*)
 *(.rel.gnu.linkonce.t*)

.rela.text
 *(.rela.text)
 *(.rela.text.*)
 *(.rela.gnu.linkonce.t*)

.rel.fini
 *(.rel.fini)

.rela.fini
 *(.rela.fini)

.rel.rodata
 *(.rel.rodata)
 *(.rel.rodata.*)
 *(.rel.gnu.linkonce.r*)

.rela.rodata
 *(.rela.rodata)
 *(.rela.rodata.*)
 *(.rela.gnu.linkonce.r*)

.rel.data
 *(.rel.data)
 *(.rel.data.*)
 *(.rel.gnu.linkonce.d*)

.rela.data
 *(.rela.data)
 *(.rela.data.*)
 *(.rela.gnu.linkonce.d*)

.rel.ctors
 *(.rel.ctors)

.rela.ctors
 *(.rela.ctors)

.rel.dtors
 *(.rel.dtors)

.rela.dtors
 *(.rela.dtors)

.rel.got
 *(.rel.got)

.rela.got
 *(.rela.got)

.rel.bss
 *(.rel.bss)

.rela.bss
 *(.rela.bss)

.rel.plt
 *(.rel.plt)

.rela.plt
 *(.rela.plt)

.text           0x00000000      0xbf0
 *(.vectors)
 .vectors       0x00000000       0xe4 C:/Program Files (x86)/Atmel/Studio/7.0/Packs/atmel/ATmega_DFP/1.7.374/gcc/dev/atmega640/avr5/crtatmega640.o
                0x00000000                __vector_default
                0x00000000                __vectors
 *(.vectors)
 *(.progmem.gcc*)
                0x000000e4                . = ALIGN (0x2)
                0x000000e4                __trampolines_start = .
 *(.trampolines)
 .trampolines   0x000000e4        0x0 linker stubs
 *(.trampolines*)
                0x000000e4                __trampolines_end = .
 *libprintf_flt.a:*(.progmem.data)
 *libc.a:*(.progmem.data)
 *(.progmem*)
                0x000000e4                . = ALIGN (0x2)
 *(.jumptables)
 *(.jumptables*)
 *(.lowtext)
 *(.lowtext*)
                0x000000e4                __ctors_start = .
 *(.ctors)
                0x000000e4                __ctors_end = .
                0x000000e4                __dtors_start = .
 *(.dtors)
                0x000000e4                __dtors_end = .
 SORT(*)(.ctors)
 SORT(*)(.dtors)
 *(.init0)
 .init0         0x000000e4        0x0 C:/Program Files (x86)/Atmel/Studio/7.0/Packs/atmel/ATmega_DFP/1.7.374/gcc/dev/atmega640/avr5/crtatmega640.o
                0x000000e4                __init
 *(.init0)
 *(.init1)
 *(.init1)
 *(.init2)
 .init2         0x000000e4        0xc C:/Program Files (x86)/Atmel/Studio/7.0/Packs/atmel/ATmega_DFP/1.7.374/gcc/dev/atmega640/avr5/crtatmega640.o
 *(.init2)
 *(.init3)
 *(.init3)
 *(.init4)
 .init4         0x000000f0       0x16 c:/program files (x86)/atmel/studio/7.0/toolchain/avr8/avr8-gnu-toolchain/bin/../lib/gcc/avr/5.4.0/avr5\libgcc.a(_copy_data.o)
                0x000000f0                __do_copy_data
 .init4         0x00000106       0x10 c:/program files (x86)/atmel/studio/7.0/toolchain/avr8/avr8-gnu-toolchain/bin/../lib/gcc/avr/5.4.0/avr5\libgcc.a(_clear_bss.o)
                0x00000106                __do_clear_bss
 *(.init4)
 *(.init5)
 *(.init5)
 *(.init6)
 *(.init6)
 *(.init7)
 *(.init7)
 *(.init8)
 *(.init8)
 *(.init9)
 .init9         0x00000116        0x8 C:/Program Files (x86)/Atmel/Studio/7.0/Packs/atmel/ATmega_DFP/1.7.374/gcc/dev/atmega640/avr5/crtatmega640.o
 *(.init9)
 *(.text)
 .text          0x0000011e        0x4 C:/Program Files (x86)/Atmel/Studio/7.0/Packs/atmel/ATmega_DFP/1.7.374/gcc/dev/atmega640/avr5/crtatmega640.o
                0x0000011e                __vector_38
                0x0000011e                __vector_22
                0x0000011e                __vector_28
                0x0000011e                __vector_34
                0x0000011e                __vector_24
                0x0000011e                __vector_12
                0x0000011e                __vector_55
                0x0000011e                __vector_46
                0x0000011e                __bad_interrupt
                0x0000011e                __vector_6
                0x0000011e                __vector_31
                0x0000011e                __vector_35
                0x0000011e                __vector_39
                0x0000011e                __vector_23
                0x0000011e                __vector_30
                0x0000011e                __vector_45
                0x0000011e                __vector_25
                0x0000011e                __vector_11
                0x0000011e                __vector_54
                0x0000011e                __vector_13
                0x0000011e                __vector_19
                0x0000011e                __vector_56
                0x0000011e                __vector_7
                0x0000011e                __vector_49
                0x0000011e                __vector_41
                0x0000011e                __vector_43
                0x0000011e                __vector_27
                0x0000011e                __vector_5
                0x0000011e                __vector_33
                0x0000011e                __vector_52
                0x0000011e                __vector_37
                0x0000011e                __vector_44
                0x0000011e                __vector_51
                0x0000011e                __vector_21
                0x0000011e                __vector_15
                0x0000011e                __vector_36
                0x0000011e                __vector_29
                0x0000011e                __vector_40
                0x0000011e                __vector_8
                0x0000011e                __vector_26
                0x0000011e                __vector_48
                0x0000011e                __vector_14
                0x0000011e                __vector_53
                0x0000011e                __vector_10
                0x0000011e                __vector_50
                0x0000011e                __vector_16
                0x0000011e                __vector_18
                0x0000011e                __vector_20
                0x0000011e                __vector_42
                0x00000122                . = ALIGN (0x2)
 *(.text.*)
 .text.getBit   0x00000122        0xa General.o
                0x00000122                getBit
 .text.setupTimers
                0x0000012c       0x40 General.o
                0x0000012c                setupTimers
 .text.getms    0x0000016c       0x12 General.o
                0x0000016c                getms
 .text.setCallbackMsec
                0x0000017e        0xe General.o
                0x0000017e                setCallbackMsec
 .text.getState
                0x0000018c       0x16 General.o
                0x0000018c                getState
 .text.getNumberCar
                0x000001a2        0x8 General.o
                0x000001a2                getNumberCar
 .text.setUpInterrupts
                0x000001aa       0x1a General.o
                0x000001aa                setUpInterrupts
 .text.setUpGeneral
                0x000001c4        0xe General.o
                0x000001c4                setUpGeneral
 .text.stop     0x000001d2        0x8 General.o
                0x000001d2                stop
 .text.getStop  0x000001da        0x8 General.o
                0x000001da                getStop
 .text.getFlagSO1
                0x000001e2        0x6 General.o
                0x000001e2                getFlagSO1
 .text.setFlagSO1
                0x000001e8        0x6 General.o
                0x000001e8                setFlagSO1
 .text.downPetiton
                0x000001ee        0x6 General.o
                0x000001ee                downPetiton
 .text.getPetition
                0x000001f4        0x8 General.o
                0x000001f4                getPetition
 .text.incNumberCar
                0x000001fc        0xc General.o
                0x000001fc                incNumberCar
 .text.__vector_17
                0x00000208       0x78 General.o
                0x00000208                __vector_17
 .text.__vector_32
                0x00000280       0x78 General.o
                0x00000280                __vector_32
 .text.__vector_9
                0x000002f8       0xc6 General.o
                0x000002f8                __vector_9
 .text.main     0x000003be       0x26 main.o
                0x000003be                main
 .text.Horizontal_Setup
                0x000003e4       0x44 Parte_1.o
                0x000003e4                Horizontal_Setup
 .text.Horizontal_Limpiar
                0x00000428       0x48 Parte_1.o
                0x00000428                Horizontal_Limpiar
 .text.Horizontal_Sucio
                0x00000470       0x60 Parte_1.o
                0x00000470                Horizontal_Sucio
 .text.Horizontal_Secar
                0x000004d0       0x50 Parte_1.o
                0x000004d0                Horizontal_Secar
 .text.Horizontal_Humedo
                0x00000520       0x50 Parte_1.o
                0x00000520                Horizontal_Humedo
 .text.parada_emergencia
                0x00000570       0x1c Parte_1.o
                0x00000570                parada_emergencia
 .text.setUpParte_1
                0x0000058c        0xa Parte_1.o
                0x0000058c                setUpParte_1
 .text.Parte_1  0x00000596        0xe Parte_1.o
                0x00000596                Parte_1
 .text.__vector_47
                0x000005a4       0xc0 Parte_1.o
                0x000005a4                __vector_47
 .text.__vector_2
                0x00000664       0x28 Parte_1.o
                0x00000664                __vector_2
 .text.__vector_3
                0x0000068c       0x22 Parte_1.o
                0x0000068c                __vector_3
 .text.setup_barrera
                0x000006ae       0x8a Parte_2.o
                0x000006ae                setup_barrera
 .text.barrera  0x00000738      0x170 Parte_2.o
                0x00000738                barrera
 .text.setup_Lavado_vertical
                0x000008a8       0x34 Parte_2.o
                0x000008a8                setup_Lavado_vertical
 .text.lavadoV  0x000008dc       0x62 Parte_2.o
                0x000008dc                lavadoV
 .text.setUpParte_2
                0x0000093e       0x22 Parte_2.o
                0x0000093e                setUpParte_2
 .text.Parte_2  0x00000960        0xe Parte_2.o
                0x00000960                Parte_2
 .text.parada2  0x0000096e       0x16 Parte_2.o
                0x0000096e                parada2
 .text.__vector_4
                0x00000984       0x22 Parte_2.o
                0x00000984                __vector_4
 .text.setCallbackSafeStop
                0x000009a6        0xe Parte_3.o
                0x000009a6                setCallbackSafeStop
 .text.setUpSafeStop
                0x000009b4       0x1e Parte_3.o
                0x000009b4                setUpSafeStop
 .text.setupLED_1
                0x000009d2       0x18 Parte_3.o
                0x000009d2                setupLED_1
 .text.turnOnL1
                0x000009ea        0xc Parte_3.o
                0x000009ea                turnOnL1
 .text.turnOffL1
                0x000009f6        0xc Parte_3.o
                0x000009f6                turnOffL1
 .text.LED_1    0x00000a02       0x96 Parte_3.o
                0x00000a02                LED_1
 .text.LED_4_5  0x00000a98       0x40 Parte_3.o
                0x00000a98                LED_4_5
 .text.setupBelt
                0x00000ad8       0x14 Parte_3.o
                0x00000ad8                setupBelt
 .text.startBelt
                0x00000aec        0x8 Parte_3.o
                0x00000aec                startBelt
 .text.stopBelt
                0x00000af4        0x8 Parte_3.o
                0x00000af4                stopBelt
 .text.SafeStop
                0x00000afc       0x16 Parte_3.o
                0x00000afc                SafeStop
 .text.setUpParte_3
                0x00000b12       0x16 Parte_3.o
                0x00000b12                setUpParte_3
 .text.Parte_3  0x00000b28       0x2e Parte_3.o
                0x00000b28                Parte_3
 .text.__vector_1
                0x00000b56       0x52 Parte_3.o
                0x00000b56                __vector_1
 .text.libgcc.div
                0x00000ba8       0x44 c:/program files (x86)/atmel/studio/7.0/toolchain/avr8/avr8-gnu-toolchain/bin/../lib/gcc/avr/5.4.0/avr5\libgcc.a(_udivmodsi4.o)
                0x00000ba8                __udivmodsi4
                0x00000bec                . = ALIGN (0x2)
 *(.fini9)
 .fini9         0x00000bec        0x0 c:/program files (x86)/atmel/studio/7.0/toolchain/avr8/avr8-gnu-toolchain/bin/../lib/gcc/avr/5.4.0/avr5\libgcc.a(_exit.o)
                0x00000bec                _exit
                0x00000bec                exit
 *(.fini9)
 *(.fini8)
 *(.fini8)
 *(.fini7)
 *(.fini7)
 *(.fini6)
 *(.fini6)
 *(.fini5)
 *(.fini5)
 *(.fini4)
 *(.fini4)
 *(.fini3)
 *(.fini3)
 *(.fini2)
 *(.fini2)
 *(.fini1)
 *(.fini1)
 *(.fini0)
 .fini0         0x00000bec        0x4 c:/program files (x86)/atmel/studio/7.0/toolchain/avr8/avr8-gnu-toolchain/bin/../lib/gcc/avr/5.4.0/avr5\libgcc.a(_exit.o)
 *(.fini0)
                0x00000bf0                _etext = .

.data           0x00800200        0x2 load address 0x00000bf0
                0x00800200                PROVIDE (__data_start, .)
 *(.data)
 *(.data*)
 .data.old_state_SO1
                0x00800200        0x1 General.o
                0x00800200                old_state_SO1
 .data.old_state_SO12
                0x00800201        0x1 General.o
                0x00800201                old_state_SO12
 *(.gnu.linkonce.d*)
 *(.rodata)
 *(.rodata*)
 *(.gnu.linkonce.r*)
                0x00800202                . = ALIGN (0x2)
                0x00800202                _edata = .
                0x00800202                PROVIDE (__data_end, .)

.bss            0x00800202       0x48
                0x00800202                PROVIDE (__bss_start, .)
 *(.bss)
 *(.bss*)
 .bss.petition  0x00800202        0x1 General.o
                0x00800202                petition
 .bss.Flag_SO1  0x00800203        0x1 General.o
                0x00800203                Flag_SO1
 .bss.Stop      0x00800204        0x1 General.o
                0x00800204                Stop
 .bss.numCar    0x00800205        0x1 General.o
                0x00800205                numCar
 .bss.ms        0x00800206        0x4 General.o
                0x00800206                ms
 .bss.s         0x0080020a        0x4 General.o
                0x0080020a                s
 .bss.estado_sensores
                0x0080020e       0x18 Parte_1.o
                0x0080020e                estado_sensores
 .bss.humedo    0x00800226        0x2 Parte_1.o
                0x00800226                humedo
 .bss.sucio     0x00800228        0x2 Parte_1.o
                0x00800228                sucio
 .bss.cycle_state_old
                0x0080022a        0x1 Parte_3.o
                0x0080022a                cycle_state_old
 *(COMMON)
 COMMON         0x0080022b        0x6 General.o
                0x0080022b                functionPointerSec
                0x0080022d                functionPointerMsec
                0x0080022f                functionPointerMsec_2
 COMMON         0x00800231       0x17 main.o
                0x00800231                startLavadoV
                0x00800233                stopBarrera
                0x00800235                cPulsos
                0x00800236                Flag_Contador
                0x00800237                delayBarrera
                0x0080023b                finLavadoV
                0x0080023f                final_lavadoV
                0x00800243                Flag_Barrera
                0x00800244                finBarrera
 COMMON         0x00800248        0x2 Parte_3.o
                0x00800248                functionPointerStop
                0x0080024a                PROVIDE (__bss_end, .)
                0x00000bf0                __data_load_start = LOADADDR (.data)
                0x00000bf2                __data_load_end = (__data_load_start + SIZEOF (.data))

.noinit         0x0080024a        0x0
                [!provide]                PROVIDE (__noinit_start, .)
 *(.noinit*)
                [!provide]                PROVIDE (__noinit_end, .)
                0x0080024a                _end = .
                [!provide]                PROVIDE (__heap_start, .)

.eeprom         0x00810000        0x0
 *(.eeprom*)
                0x00810000                __eeprom_end = .

.fuse
 *(.fuse)
 *(.lfuse)
 *(.hfuse)
 *(.efuse)

.lock
 *(.lock*)

.signature
 *(.signature*)

.user_signatures
 *(.user_signatures*)

.stab
 *(.stab)

.stabstr
 *(.stabstr)

.stab.excl
 *(.stab.excl)

.stab.exclstr
 *(.stab.exclstr)

.stab.index
 *(.stab.index)

.stab.indexstr
 *(.stab.indexstr)

.comment        0x00000000       0x30
 *(.comment)
 .comment       0x00000000       0x30 General.o
                                 0x31 (size before relaxing)
 .comment       0x00000030       0x31 main.o
 .comment       0x00000030       0x31 Parte_1.o
 .comment       0x00000030       0x31 Parte_2.o
 .comment       0x00000030       0x31 Parte_3.o

.note.gnu.avr.deviceinfo
                0x00000000       0x3c
 .note.gnu.avr.deviceinfo
                0x00000000       0x3c C:/Program Files (x86)/Atmel/Studio/7.0/Packs/atmel/ATmega_DFP/1.7.374/gcc/dev/atmega640/avr5/crtatmega640.o

.note.gnu.build-id
 *(.note.gnu.build-id)

.debug
 *(.debug)

.line
 *(.line)

.debug_srcinfo
 *(.debug_srcinfo)

.debug_sfnames
 *(.debug_sfnames)

.debug_aranges  0x00000000      0x250
 *(.debug_aranges)
 .debug_aranges
                0x00000000       0xd0 General.o
 .debug_aranges
                0x000000d0       0x20 main.o
 .debug_aranges
                0x000000f0       0x78 Parte_1.o
 .debug_aranges
                0x00000168       0x60 Parte_2.o
 .debug_aranges
                0x000001c8       0x88 Parte_3.o

.debug_pubnames
 *(.debug_pubnames)

.debug_info     0x00000000     0x1c7e
 *(.debug_info .gnu.linkonce.wi.*)
 .debug_info    0x00000000      0xba9 C:/Program Files (x86)/Atmel/Studio/7.0/Packs/atmel/ATmega_DFP/1.7.374/gcc/dev/atmega640/avr5/crtatmega640.o
 .debug_info    0x00000ba9      0x525 General.o
 .debug_info    0x000010ce      0x1f8 main.o
 .debug_info    0x000012c6      0x20f Parte_1.o
 .debug_info    0x000014d5      0x327 Parte_2.o
 .debug_info    0x000017fc      0x482 Parte_3.o

.debug_abbrev   0x00000000     0x1094
 *(.debug_abbrev)
 .debug_abbrev  0x00000000      0xb08 C:/Program Files (x86)/Atmel/Studio/7.0/Packs/atmel/ATmega_DFP/1.7.374/gcc/dev/atmega640/avr5/crtatmega640.o
 .debug_abbrev  0x00000b08      0x1a7 General.o
 .debug_abbrev  0x00000caf       0x9f main.o
 .debug_abbrev  0x00000d4e       0xc9 Parte_1.o
 .debug_abbrev  0x00000e17      0x10e Parte_2.o
 .debug_abbrev  0x00000f25      0x16f Parte_3.o

.debug_line     0x00000000     0x1077
 *(.debug_line .debug_line.* .debug_line_end)
 .debug_line    0x00000000      0x1ee C:/Program Files (x86)/Atmel/Studio/7.0/Packs/atmel/ATmega_DFP/1.7.374/gcc/dev/atmega640/avr5/crtatmega640.o
 .debug_line    0x000001ee      0x3d7 General.o
 .debug_line    0x000005c5       0xff main.o
 .debug_line    0x000006c4      0x385 Parte_1.o
 .debug_line    0x00000a49      0x339 Parte_2.o
 .debug_line    0x00000d82      0x2f5 Parte_3.o

.debug_frame    0x00000000      0x5d4
 *(.debug_frame)
 .debug_frame   0x00000000      0x294 General.o
 .debug_frame   0x00000294       0x24 main.o
 .debug_frame   0x000002b8      0x108 Parte_1.o
 .debug_frame   0x000003c0       0xcc Parte_2.o
 .debug_frame   0x0000048c      0x148 Parte_3.o

.debug_str      0x00000000      0x95b
 *(.debug_str)
 .debug_str     0x00000000      0x3e0 C:/Program Files (x86)/Atmel/Studio/7.0/Packs/atmel/ATmega_DFP/1.7.374/gcc/dev/atmega640/avr5/crtatmega640.o
 .debug_str     0x000003e0      0x2cb General.o
                                0x309 (size before relaxing)
 .debug_str     0x000006ab       0xa5 main.o
                                0x23c (size before relaxing)
 .debug_str     0x00000750      0x10c Parte_1.o
                                0x244 (size before relaxing)
 .debug_str     0x0000085c       0x50 Parte_2.o
                                0x282 (size before relaxing)
 .debug_str     0x000008ac       0xaf Parte_3.o
                                0x30d (size before relaxing)

.debug_loc      0x00000000      0x6a0
 *(.debug_loc)
 .debug_loc     0x00000000      0x3dc General.o
 .debug_loc     0x000003dc       0xc1 Parte_1.o
 .debug_loc     0x0000049d       0x9a Parte_2.o
 .debug_loc     0x00000537      0x169 Parte_3.o

.debug_macinfo
 *(.debug_macinfo)

.debug_weaknames
 *(.debug_weaknames)

.debug_funcnames
 *(.debug_funcnames)

.debug_typenames
 *(.debug_typenames)

.debug_varnames
 *(.debug_varnames)

.debug_pubtypes
 *(.debug_pubtypes)

.debug_ranges   0x00000000      0x200
 *(.debug_ranges)
 .debug_ranges  0x00000000       0xc0 General.o
 .debug_ranges  0x000000c0       0x10 main.o
 .debug_ranges  0x000000d0       0x68 Parte_1.o
 .debug_ranges  0x00000138       0x50 Parte_2.o
 .debug_ranges  0x00000188       0x78 Parte_3.o

.debug_macro
 *(.debug_macro)
OUTPUT(Lavadero_1.elf elf32-avr)
LOAD linker stubs
